// Jest Snapshot v1, https://goo.gl/fbAQLP

exports[`<ImageColorPicker /> should render properly 1`] = `null`;
