// Jest Snapshot v1, https://goo.gl/fbAQLP

exports[`Privacy and TNC screen should render properly and snapshot should match 1`] = `
<View
  style={
    Object {
      "flex": 1,
    }
  }
/>
`;
