// Jest Snapshot v1, https://goo.gl/fbAQLP

exports[`<WalletTabReceive /> should render properly and match the snapshot 1`] = `
<View
  style={
    Object {
      "flex": 1,
    }
  }
/>
`;
