// Jest Snapshot v1, https://goo.gl/fbAQLP

exports[`push notification store should work properly should reset push notification store, if RESET action is raised 1`] = `
Object {
  "error": null,
  "isAllowed": null,
  "isFetching": false,
  "isPristine": true,
  "navigateRoute": null,
  "notification": null,
  "notificationOpenOptions": null,
  "pendingFetchAdditionalDataKey": null,
  "pushToken": null,
}
`;
