// Jest Snapshot v1, https://goo.gl/fbAQLP

exports[`<Loader /> should check that custom message works 1`] = `
<View
  center={true}
  style={
    Object {
      "alignItems": "center",
      "flex": 1,
      "justifyContent": "center",
      "padding": 20,
    }
  }
>
  <ActivityIndicator
    color="#777777"
    hidesWhenStopped={true}
    size="large"
  />
  <Text
    allowFontScaling={false}
    style={
      Array [
        Object {
          "fontSize": 17,
        },
        Object {
          "fontFamily": "System",
        },
        Object {
          "backgroundColor": "#333333",
          "color": "#ffffff",
        },
        null,
        Object {
          "textAlign": "center",
        },
        Object {
          "backgroundColor": "transparent",
        },
        null,
        null,
        null,
        null,
        null,
        null,
        null,
        null,
        null,
        null,
        Object {
          "color": "#464646",
        },
        Object {
          "fontSize": 17,
          "fontWeight": "500",
          "letterSpacing": -0.42,
          "lineHeight": 21,
          "marginTop": 20,
        },
      ]
    }
    suppressHighlighting={true}
  >
    sovrin is cool
  </Text>
</View>
`;

exports[`<Loader /> should check that dark type works 1`] = `
<View
  center={true}
  style={
    Object {
      "alignItems": "center",
      "flex": 1,
      "justifyContent": "center",
      "padding": 20,
    }
  }
>
  <ActivityIndicator
    color="#777777"
    hidesWhenStopped={true}
    size="large"
  />
</View>
`;

exports[`<Loader /> should check that light type works 1`] = `
<View
  center={true}
  style={
    Object {
      "alignItems": "center",
      "flex": 1,
      "justifyContent": "center",
      "padding": 20,
    }
  }
>
  <ActivityIndicator
    color="#ffffff"
    hidesWhenStopped={true}
    size="large"
  />
</View>
`;

exports[`<Loader /> should check that showMessage works as expected when false 1`] = `
<View
  center={true}
  style={
    Object {
      "alignItems": "center",
      "flex": 1,
      "justifyContent": "center",
      "padding": 20,
    }
  }
>
  <ActivityIndicator
    color="#777777"
    hidesWhenStopped={true}
    size="large"
  />
</View>
`;

exports[`<Loader /> should check that showMessage works as expected when true 1`] = `
<View
  center={true}
  style={
    Object {
      "alignItems": "center",
      "flex": 1,
      "justifyContent": "center",
      "padding": 20,
    }
  }
>
  <ActivityIndicator
    color="#777777"
    hidesWhenStopped={true}
    size="large"
  />
  <Text
    allowFontScaling={false}
    style={
      Array [
        Object {
          "fontSize": 17,
        },
        Object {
          "fontFamily": "System",
        },
        Object {
          "backgroundColor": "#333333",
          "color": "#ffffff",
        },
        null,
        Object {
          "textAlign": "center",
        },
        Object {
          "backgroundColor": "transparent",
        },
        null,
        null,
        null,
        null,
        null,
        null,
        null,
        null,
        null,
        null,
        Object {
          "color": "#464646",
        },
        Object {
          "fontSize": 17,
          "fontWeight": "500",
          "letterSpacing": -0.42,
          "lineHeight": 21,
          "marginTop": 20,
        },
      ]
    }
    suppressHighlighting={true}
  >
    show me
  </Text>
</View>
`;

exports[`<Loader /> should render properly and match the snapshot 1`] = `
<View
  center={true}
  style={
    Object {
      "alignItems": "center",
      "flex": 1,
      "justifyContent": "center",
      "padding": 20,
    }
  }
>
  <ActivityIndicator
    color="#777777"
    hidesWhenStopped={true}
    size="large"
  />
  <Text
    allowFontScaling={false}
    style={
      Array [
        Object {
          "fontSize": 17,
        },
        Object {
          "fontFamily": "System",
        },
        Object {
          "backgroundColor": "#333333",
          "color": "#ffffff",
        },
        null,
        Object {
          "textAlign": "center",
        },
        Object {
          "backgroundColor": "transparent",
        },
        null,
        null,
        null,
        null,
        null,
        null,
        null,
        null,
        null,
        null,
        Object {
          "color": "#464646",
        },
        Object {
          "fontSize": 17,
          "fontWeight": "500",
          "letterSpacing": -0.42,
          "lineHeight": 21,
          "marginTop": 20,
        },
      ]
    }
    suppressHighlighting={true}
  >
    test
  </Text>
</View>
`;
