// Jest Snapshot v1, https://goo.gl/fbAQLP

exports[`RestoreWait screen should render properly and match the snapshot 1`] = `
<RCTSafeAreaView
  center={true}
  emulateUnlessSupported={true}
  fifth={true}
  safeArea={true}
  style={
    Object {
      "alignItems": "center",
      "backgroundColor": "#ffffff",
      "flex": 1,
      "justifyContent": "center",
    }
  }
>
  <View
    style={
      Object {
        "marginTop": "-20%",
      }
    }
  >
    <Image
      source={
        Object {
          "default": "RelativeImageStub",
        }
      }
      style={
        Array [
          Object {
            "marginTop": "-58%",
            "position": "absolute",
            "width": "100%",
            "zIndex": -1,
          },
        ]
      }
    />
    <View
      center={true}
      style={
        Object {
          "alignItems": "center",
          "justifyContent": "center",
        }
      }
    >
      <View
        style={
          Object {
            "backgroundColor": "#505050",
            "height": 8,
            "position": "absolute",
            "width": "110%",
          }
        }
      />
      <View
        clearBg={true}
        src={
          Object {
            "default": "RelativeImageStub",
          }
        }
        style={
          Object {
            "backgroundColor": "#505050",
            "borderRadius": 80,
            "padding": 15,
          }
        }
        xxLarge={true}
      >
        <View
          style={Object {}}
        >
          <Image
            resizeMode="contain"
            source={
              Object {
                "default": "RelativeImageStub",
              }
            }
            style={
              Array [
                Object {
                  "height": 90,
                  "width": 90,
                },
                null,
              ]
            }
          />
        </View>
      </View>
    </View>
    <View
      center={true}
      style={
        Object {
          "alignItems": "center",
          "justifyContent": "center",
        }
      }
    >
      <Text
        allowFontScaling={false}
        style={
          Array [
            Object {
              "fontSize": 17,
            },
            Object {
              "fontFamily": "System",
            },
            Object {
              "backgroundColor": "#333333",
              "color": "#ffffff",
            },
            Object {
              "fontWeight": "bold",
            },
            Object {
              "textAlign": "center",
            },
            Object {
              "backgroundColor": "transparent",
            },
            null,
            null,
            null,
            null,
            null,
            null,
            null,
            null,
            null,
            null,
            Object {
              "color": "#505050",
              "fontSize": 23,
              "marginBottom": "6%",
              "marginTop": "15%",
              "paddingHorizontal": "5%",
            },
          ]
        }
        suppressHighlighting={true}
      >
        Please wait while your data is restored.
      </Text>
    </View>
  </View>
</RCTSafeAreaView>
`;
