// Jest Snapshot v1, https://goo.gl/fbAQLP

exports[`<VerifyRecoveryPhrase /> should match snapshot 1`] = `
<RCTSafeAreaView
  accessibilityLabel="verify-passphrase-container-container-touchable"
  accessible={false}
  emulateUnlessSupported={true}
  focusable={true}
  hitSlop={
    Object {
      "bottom": 20,
      "left": 20,
      "right": 20,
      "top": 20,
    }
  }
  onClick={[Function]}
  onResponderGrant={[Function]}
  onResponderMove={[Function]}
  onResponderRelease={[Function]}
  onResponderTerminate={[Function]}
  onResponderTerminationRequest={[Function]}
  onStartShouldSetResponder={[Function]}
  safeArea={true}
  style={
    Object {
      "backgroundColor": "#86B93B",
      "flex": 1,
    }
  }
  testID="verify-passphrase-container-container-touchable"
>
  <Image
    source={
      Object {
        "default": "RelativeImageStub",
      }
    }
    style={
      Array [
        Object {
          "flex": 1,
          "position": "absolute",
        },
      ]
    }
  />
</RCTSafeAreaView>
`;
