// Jest Snapshot v1, https://goo.gl/fbAQLP

exports[`<LockAuthorization /> should match snapshot 1`] = `
<View
  style={
    Object {
      "backgroundColor": "#FFFFFF",
      "height": "100%",
      "width": "100%",
    }
  }
>
  <View
    style={
      Object {
        "flex": 1,
      }
    }
  >
    <View
      style={
        Object {
          "backgroundColor": "#ffffff",
          "flex": 1,
        }
      }
      tertiary={true}
    >
      <View
        center={true}
        style={
          Object {
            "alignItems": "center",
            "justifyContent": "center",
          }
        }
      />
      <View
        accessibilityLabel="pin-code-input-boxes-touchable"
        accessible={false}
        center={true}
        focusable={true}
        hitSlop={
          Object {
            "bottom": 20,
            "left": 20,
            "right": 20,
            "top": 20,
          }
        }
        onClick={[Function]}
        onResponderGrant={[Function]}
        onResponderMove={[Function]}
        onResponderRelease={[Function]}
        onResponderTerminate={[Function]}
        onResponderTerminationRequest={[Function]}
        onStartShouldSetResponder={[Function]}
        style={
          Object {
            "alignItems": "center",
            "justifyContent": "center",
            "marginBottom": 40,
            "marginTop": 40,
            "minHeight": 30,
          }
        }
        testID="pin-code-input-boxes-touchable"
      >
        <Text
          accessibilityLabel="Enter your passcode"
          accessible={true}
          allowFontScaling={false}
          style={
            Array [
              Object {
                "fontSize": 19,
              },
              Object {
                "fontFamily": "System",
              },
              Object {
                "backgroundColor": "#ffffff",
                "color": "#777777",
              },
              Object {
                "fontWeight": "800",
              },
              Object {
                "textAlign": "center",
              },
              null,
              null,
              null,
              null,
              null,
              null,
              null,
              null,
              null,
              null,
              null,
              Object {
                "fontFamily": "System",
                "fontSize": 26,
                "fontStyle": "normal",
                "fontWeight": "700",
                "letterSpacing": 0.5,
                "lineHeight": 31,
                "minHeight": 49.23529411764706,
              },
            ]
          }
          suppressHighlighting={true}
          testID="pass-code-input-text"
        >
          Enter your passcode
        </Text>
      </View>
      <View
        center={true}
        style={
          Object {
            "alignItems": "center",
            "justifyContent": "center",
          }
        }
      >
        <View
          style={Object {}}
        >
          <View
            accessible={true}
            focusable={true}
            hitSlop={
              Object {
                "bottom": 20,
                "left": 20,
                "right": 20,
                "top": 20,
              }
            }
            onClick={[Function]}
            onResponderGrant={[Function]}
            onResponderMove={[Function]}
            onResponderRelease={[Function]}
            onResponderTerminate={[Function]}
            onResponderTerminationRequest={[Function]}
            onStartShouldSetResponder={[Function]}
            row={true}
            style={
              Object {
                "flexDirection": "row",
              }
            }
          >
            <View
              accessibilityLabel="pin-code-digit-0-touchable"
              accessible={false}
              center={true}
              focusable={true}
              hitSlop={
                Object {
                  "bottom": 20,
                  "left": 20,
                  "right": 20,
                  "top": 20,
                }
              }
              onClick={[Function]}
              onResponderGrant={[Function]}
              onResponderMove={[Function]}
              onResponderRelease={[Function]}
              onResponderTerminate={[Function]}
              onResponderTerminationRequest={[Function]}
              onStartShouldSetResponder={[Function]}
              style={
                Object {
                  "alignItems": "center",
                  "height": 66,
                  "justifyContent": "center",
                  "marginHorizontal": 5,
                  "width": 38,
                }
              }
              testID="pin-code-digit-0-touchable"
            >
              <View
                style={
                  Object {
                    "backgroundColor": "#EAEAEA",
                    "borderRadius": 20,
                    "height": 26,
                    "width": 26,
                  }
                }
              />
            </View>
            <View
              accessibilityLabel="pin-code-digit-1-touchable"
              accessible={false}
              center={true}
              focusable={true}
              hitSlop={
                Object {
                  "bottom": 20,
                  "left": 20,
                  "right": 20,
                  "top": 20,
                }
              }
              onClick={[Function]}
              onResponderGrant={[Function]}
              onResponderMove={[Function]}
              onResponderRelease={[Function]}
              onResponderTerminate={[Function]}
              onResponderTerminationRequest={[Function]}
              onStartShouldSetResponder={[Function]}
              style={
                Object {
                  "alignItems": "center",
                  "height": 66,
                  "justifyContent": "center",
                  "marginHorizontal": 5,
                  "width": 38,
                }
              }
              testID="pin-code-digit-1-touchable"
            >
              <View
                style={
                  Object {
                    "backgroundColor": "#EAEAEA",
                    "borderRadius": 20,
                    "height": 26,
                    "width": 26,
                  }
                }
              />
            </View>
            <View
              accessibilityLabel="pin-code-digit-2-touchable"
              accessible={false}
              center={true}
              focusable={true}
              hitSlop={
                Object {
                  "bottom": 20,
                  "left": 20,
                  "right": 20,
                  "top": 20,
                }
              }
              onClick={[Function]}
              onResponderGrant={[Function]}
              onResponderMove={[Function]}
              onResponderRelease={[Function]}
              onResponderTerminate={[Function]}
              onResponderTerminationRequest={[Function]}
              onStartShouldSetResponder={[Function]}
              style={
                Object {
                  "alignItems": "center",
                  "height": 66,
                  "justifyContent": "center",
                  "marginHorizontal": 5,
                  "width": 38,
                }
              }
              testID="pin-code-digit-2-touchable"
            >
              <View
                style={
                  Object {
                    "backgroundColor": "#EAEAEA",
                    "borderRadius": 20,
                    "height": 26,
                    "width": 26,
                  }
                }
              />
            </View>
            <View
              accessibilityLabel="pin-code-digit-3-touchable"
              accessible={false}
              center={true}
              focusable={true}
              hitSlop={
                Object {
                  "bottom": 20,
                  "left": 20,
                  "right": 20,
                  "top": 20,
                }
              }
              onClick={[Function]}
              onResponderGrant={[Function]}
              onResponderMove={[Function]}
              onResponderRelease={[Function]}
              onResponderTerminate={[Function]}
              onResponderTerminationRequest={[Function]}
              onStartShouldSetResponder={[Function]}
              style={
                Object {
                  "alignItems": "center",
                  "height": 66,
                  "justifyContent": "center",
                  "marginHorizontal": 5,
                  "width": 38,
                }
              }
              testID="pin-code-digit-3-touchable"
            >
              <View
                style={
                  Object {
                    "backgroundColor": "#EAEAEA",
                    "borderRadius": 20,
                    "height": 26,
                    "width": 26,
                  }
                }
              />
            </View>
            <View
              accessibilityLabel="pin-code-digit-4-touchable"
              accessible={false}
              center={true}
              focusable={true}
              hitSlop={
                Object {
                  "bottom": 20,
                  "left": 20,
                  "right": 20,
                  "top": 20,
                }
              }
              onClick={[Function]}
              onResponderGrant={[Function]}
              onResponderMove={[Function]}
              onResponderRelease={[Function]}
              onResponderTerminate={[Function]}
              onResponderTerminationRequest={[Function]}
              onStartShouldSetResponder={[Function]}
              style={
                Object {
                  "alignItems": "center",
                  "height": 66,
                  "justifyContent": "center",
                  "marginHorizontal": 5,
                  "width": 38,
                }
              }
              testID="pin-code-digit-4-touchable"
            >
              <View
                style={
                  Object {
                    "backgroundColor": "#EAEAEA",
                    "borderRadius": 20,
                    "height": 26,
                    "width": 26,
                  }
                }
              />
            </View>
            <View
              accessibilityLabel="pin-code-digit-5-touchable"
              accessible={false}
              center={true}
              focusable={true}
              hitSlop={
                Object {
                  "bottom": 20,
                  "left": 20,
                  "right": 20,
                  "top": 20,
                }
              }
              onClick={[Function]}
              onResponderGrant={[Function]}
              onResponderMove={[Function]}
              onResponderRelease={[Function]}
              onResponderTerminate={[Function]}
              onResponderTerminationRequest={[Function]}
              onStartShouldSetResponder={[Function]}
              style={
                Object {
                  "alignItems": "center",
                  "height": 66,
                  "justifyContent": "center",
                  "marginHorizontal": 5,
                  "width": 38,
                }
              }
              testID="pin-code-digit-5-touchable"
            >
              <View
                style={
                  Object {
                    "backgroundColor": "#EAEAEA",
                    "borderRadius": 20,
                    "height": 26,
                    "width": 26,
                  }
                }
              />
            </View>
          </View>
          <TextInput
            accessibilityLabel="pin-code-input-box"
            accessible={true}
            autoCorrect={false}
            blurOnSubmit={false}
            editable={true}
            enablesReturnKeyAutomatically={false}
            keyboardAppearance="dark"
            keyboardType="number-pad"
            maxLength={6}
            onChangeText={[Function]}
            style={
              Object {
                "height": 0,
                "position": "absolute",
                "right": -999,
                "width": 0,
              }
            }
            testID="pin-code-input-box"
            value=""
          />
        </View>
      </View>
    </View>
  </View>
</View>
`;
